[INFO] Scanning for projects...
[INFO] 
[INFO] -------------------< com.autoexcel:AutoExcelProject >-------------------
[INFO] Building AutoExcelProject 1.0-SNAPSHOT
[INFO]   from pom.xml
[INFO] --------------------------------[ jar ]---------------------------------
[WARNING] 6 problems were encountered while building the effective model for org.openjfx:javafx-controls:jar:17.0.6 during dependency collection step for project (use -X to see details)
[INFO] 
[INFO] --- clean:3.2.0:clean (default-clean) @ AutoExcelProject ---
[INFO] Deleting C:\Users\mando\OneDrive\┴rea de Trabalho\BotExcel\target
[INFO] 
[INFO] --- resources:3.3.1:resources (default-resources) @ AutoExcelProject ---
[INFO] Copying 1 resource from src\main\resources to target\classes
[INFO] 
[INFO] --- compiler:3.11.0:compile (default-compile) @ AutoExcelProject ---
[INFO] Changes detected - recompiling the module! :source
[INFO] Compiling 15 source files with javac [debug target 17] to target\classes
[INFO] -------------------------------------------------------------
[WARNING] COMPILATION WARNING : 
[INFO] -------------------------------------------------------------
[WARNING] location of system modules is not set in conjunction with -source 17
  not setting the location of system modules may lead to class files that cannot run on JDK 17
    --release 17 is recommended instead of -source 17 -target 17 because it sets the location of system modules automatically
[INFO] 1 warning
[INFO] -------------------------------------------------------------
[INFO] -------------------------------------------------------------
[ERROR] COMPILATION ERROR : 
[INFO] -------------------------------------------------------------
[ERROR] /C:/Users/mando/OneDrive/┴rea de Trabalho/BotExcel/src/main/java/com/autoexcel/servicos/AutomacaoImpl.java:[22,9] 'try' without 'catch', 'finally' or resource declarations
[ERROR] /C:/Users/mando/OneDrive/┴rea de Trabalho/BotExcel/src/main/java/com/autoexcel/servicos/AutomacaoImpl.java:[123,2] reached end of file while parsing
[INFO] 2 errors 
[INFO] -------------------------------------------------------------
[INFO] ------------------------------------------------------------------------
[INFO] BUILD FAILURE
[INFO] ------------------------------------------------------------------------
[INFO] Total time:  1.899 s
[INFO] Finished at: 2026-03-11T22:58:11-03:00
[INFO] ------------------------------------------------------------------------
[ERROR] Failed to execute goal org.apache.maven.plugins:maven-compiler-plugin:3.11.0:compile (default-compile) on project AutoExcelProject: Compilation failure: Compilation failure: 
[ERROR] /C:/Users/mando/OneDrive/┴rea de Trabalho/BotExcel/src/main/java/com/autoexcel/servicos/AutomacaoImpl.java:[22,9] 'try' without 'catch', 'finally' or resource declarations
[ERROR] /C:/Users/mando/OneDrive/┴rea de Trabalho/BotExcel/src/main/java/com/autoexcel/servicos/AutomacaoImpl.java:[123,2] reached end of file while parsing
[ERROR] -> [Help 1]
[ERROR] 
[ERROR] To see the full stack trace of the errors, re-run Maven with the -e switch.
[ERROR] Re-run Maven using the -X switch to enable full debug logging.
[ERROR] 
[ERROR] For more information about the errors and possible solutions, please read the following articles:
[ERROR] [Help 1] http://cwiki.apache.org/confluence/display/MAVEN/MojoFailureException
